Analysis & Synthesis report for Password_box
Sat Oct  7 12:57:02 2023
Quartus Prime Version 22.1std.1 Build 917 02/14/2023 SC Lite Edition


---------------------
; Table of Contents ;
---------------------
  1. Legal Notice
  2. Analysis & Synthesis Summary
  3. Analysis & Synthesis Settings
  4. Parallel Compilation
  5. Analysis & Synthesis Source Files Read
  6. Analysis & Synthesis Resource Usage Summary
  7. Analysis & Synthesis Resource Utilization by Entity
  8. State Machine - |Password_box|state
  9. Registers Removed During Synthesis
 10. Removed Registers Triggering Further Register Optimizations
 11. General Register Statistics
 12. Inverted Register Statistics
 13. Multiplexer Restructuring Statistics (Restructuring Performed)
 14. Parameter Settings for User Entity Instance: Top-level Entity: |Password_box
 15. Parameter Settings for User Entity Instance: countdown:my_countdown
 16. Parameter Settings for Inferred Entity Instance: countdown:my_countdown|lpm_divide:Div0
 17. Parameter Settings for Inferred Entity Instance: countdown:my_countdown|lpm_divide:Mod0
 18. Post-Synthesis Netlist Statistics for Top Partition
 19. Elapsed Time Per Partition
 20. Analysis & Synthesis Messages
 21. Analysis & Synthesis Suppressed Messages



----------------
; Legal Notice ;
----------------
Copyright (C) 2023  Intel Corporation. All rights reserved.
Your use of Intel Corporation's design tools, logic functions 
and other software and tools, and any partner logic 
functions, and any output files from any of the foregoing 
(including device programming or simulation files), and any 
associated documentation or information are expressly subject 
to the terms and conditions of the Intel Program License 
Subscription Agreement, the Intel Quartus Prime License Agreement,
the Intel FPGA IP License Agreement, or other applicable license
agreement, including, without limitation, that your use is for
the sole purpose of programming logic devices manufactured by
Intel and sold by Intel or its authorized distributors.  Please
refer to the applicable agreement for further details, at
https://fpgasoftware.intel.com/eula.



+-------------------------------------------------------------------------------------+
; Analysis & Synthesis Summary                                                        ;
+------------------------------------+------------------------------------------------+
; Analysis & Synthesis Status        ; Successful - Sat Oct  7 12:57:02 2023          ;
; Quartus Prime Version              ; 22.1std.1 Build 917 02/14/2023 SC Lite Edition ;
; Revision Name                      ; Password_box                                   ;
; Top-level Entity Name              ; Password_box                                   ;
; Family                             ; MAX 10                                         ;
; Total logic elements               ; 218                                            ;
;     Total combinational functions  ; 212                                            ;
;     Dedicated logic registers      ; 81                                             ;
; Total registers                    ; 81                                             ;
; Total pins                         ; 39                                             ;
; Total virtual pins                 ; 0                                              ;
; Total memory bits                  ; 0                                              ;
; Embedded Multiplier 9-bit elements ; 0                                              ;
; Total PLLs                         ; 0                                              ;
; UFM blocks                         ; 0                                              ;
; ADC blocks                         ; 0                                              ;
+------------------------------------+------------------------------------------------+


+------------------------------------------------------------------------------------------------------------+
; Analysis & Synthesis Settings                                                                              ;
+------------------------------------------------------------------+--------------------+--------------------+
; Option                                                           ; Setting            ; Default Value      ;
+------------------------------------------------------------------+--------------------+--------------------+
; Device                                                           ; 10M02SCM153I7G     ;                    ;
; Top-level entity name                                            ; Password_box       ; Password_box       ;
; Family name                                                      ; MAX 10             ; Cyclone V          ;
; Use smart compilation                                            ; Off                ; Off                ;
; Enable parallel Assembler and Timing Analyzer during compilation ; On                 ; On                 ;
; Enable compact report table                                      ; Off                ; Off                ;
; Restructure Multiplexers                                         ; Auto               ; Auto               ;
; Create Debugging Nodes for IP Cores                              ; Off                ; Off                ;
; Preserve fewer node names                                        ; On                 ; On                 ;
; Intel FPGA IP Evaluation Mode                                    ; Enable             ; Enable             ;
; Verilog Version                                                  ; Verilog_2001       ; Verilog_2001       ;
; VHDL Version                                                     ; VHDL_1993          ; VHDL_1993          ;
; State Machine Processing                                         ; Auto               ; Auto               ;
; Safe State Machine                                               ; Off                ; Off                ;
; Extract Verilog State Machines                                   ; On                 ; On                 ;
; Extract VHDL State Machines                                      ; On                 ; On                 ;
; Ignore Verilog initial constructs                                ; Off                ; Off                ;
; Iteration limit for constant Verilog loops                       ; 5000               ; 5000               ;
; Iteration limit for non-constant Verilog loops                   ; 250                ; 250                ;
; Add Pass-Through Logic to Inferred RAMs                          ; On                 ; On                 ;
; Infer RAMs from Raw Logic                                        ; On                 ; On                 ;
; Parallel Synthesis                                               ; On                 ; On                 ;
; DSP Block Balancing                                              ; Auto               ; Auto               ;
; NOT Gate Push-Back                                               ; On                 ; On                 ;
; Power-Up Don't Care                                              ; On                 ; On                 ;
; Remove Redundant Logic Cells                                     ; Off                ; Off                ;
; Remove Duplicate Registers                                       ; On                 ; On                 ;
; Ignore CARRY Buffers                                             ; Off                ; Off                ;
; Ignore CASCADE Buffers                                           ; Off                ; Off                ;
; Ignore GLOBAL Buffers                                            ; Off                ; Off                ;
; Ignore ROW GLOBAL Buffers                                        ; Off                ; Off                ;
; Ignore LCELL Buffers                                             ; Off                ; Off                ;
; Ignore SOFT Buffers                                              ; On                 ; On                 ;
; Limit AHDL Integers to 32 Bits                                   ; Off                ; Off                ;
; Optimization Technique                                           ; Balanced           ; Balanced           ;
; Carry Chain Length                                               ; 70                 ; 70                 ;
; Auto Carry Chains                                                ; On                 ; On                 ;
; Auto Open-Drain Pins                                             ; On                 ; On                 ;
; Perform WYSIWYG Primitive Resynthesis                            ; Off                ; Off                ;
; Auto ROM Replacement                                             ; On                 ; On                 ;
; Auto RAM Replacement                                             ; On                 ; On                 ;
; Auto DSP Block Replacement                                       ; On                 ; On                 ;
; Auto Shift Register Replacement                                  ; Auto               ; Auto               ;
; Allow Shift Register Merging across Hierarchies                  ; Auto               ; Auto               ;
; Auto Clock Enable Replacement                                    ; On                 ; On                 ;
; Strict RAM Replacement                                           ; Off                ; Off                ;
; Allow Synchronous Control Signals                                ; On                 ; On                 ;
; Force Use of Synchronous Clear Signals                           ; Off                ; Off                ;
; Auto RAM Block Balancing                                         ; On                 ; On                 ;
; Auto RAM to Logic Cell Conversion                                ; Off                ; Off                ;
; Auto Resource Sharing                                            ; Off                ; Off                ;
; Allow Any RAM Size For Recognition                               ; Off                ; Off                ;
; Allow Any ROM Size For Recognition                               ; Off                ; Off                ;
; Allow Any Shift Register Size For Recognition                    ; Off                ; Off                ;
; Use LogicLock Constraints during Resource Balancing              ; On                 ; On                 ;
; Ignore translate_off and synthesis_off directives                ; Off                ; Off                ;
; Timing-Driven Synthesis                                          ; On                 ; On                 ;
; Report Parameter Settings                                        ; On                 ; On                 ;
; Report Source Assignments                                        ; On                 ; On                 ;
; Report Connectivity Checks                                       ; On                 ; On                 ;
; Ignore Maximum Fan-Out Assignments                               ; Off                ; Off                ;
; Synchronization Register Chain Length                            ; 2                  ; 2                  ;
; Power Optimization During Synthesis                              ; Normal compilation ; Normal compilation ;
; HDL message level                                                ; Level2             ; Level2             ;
; Suppress Register Optimization Related Messages                  ; Off                ; Off                ;
; Number of Removed Registers Reported in Synthesis Report         ; 5000               ; 5000               ;
; Number of Swept Nodes Reported in Synthesis Report               ; 5000               ; 5000               ;
; Number of Inverted Registers Reported in Synthesis Report        ; 100                ; 100                ;
; Clock MUX Protection                                             ; On                 ; On                 ;
; Auto Gated Clock Conversion                                      ; Off                ; Off                ;
; Block Design Naming                                              ; Auto               ; Auto               ;
; SDC constraint protection                                        ; Off                ; Off                ;
; Synthesis Effort                                                 ; Auto               ; Auto               ;
; Shift Register Replacement - Allow Asynchronous Clear Signal     ; On                 ; On                 ;
; Pre-Mapping Resynthesis Optimization                             ; Off                ; Off                ;
; Analysis & Synthesis Message Level                               ; Medium             ; Medium             ;
; Disable Register Merging Across Hierarchies                      ; Auto               ; Auto               ;
; Resource Aware Inference For Block RAM                           ; On                 ; On                 ;
+------------------------------------------------------------------+--------------------+--------------------+


+------------------------------------------+
; Parallel Compilation                     ;
+----------------------------+-------------+
; Processors                 ; Number      ;
+----------------------------+-------------+
; Number detected on machine ; 8           ;
; Maximum allowed            ; 4           ;
;                            ;             ;
; Average used               ; 1.00        ;
; Maximum used               ; 4           ;
;                            ;             ;
; Usage by Processor         ; % Time Used ;
;     Processor 1            ; 100.0%      ;
;     Processors 2-4         ;   0.0%      ;
+----------------------------+-------------+


+-------------------------------------------------------------------------------------------------------------------------------------------------------------------+
; Analysis & Synthesis Source Files Read                                                                                                                            ;
+----------------------------------+-----------------+------------------------------+---------------------------------------------------------------------+---------+
; File Name with User-Entered Path ; Used in Netlist ; File Type                    ; File Name with Absolute Path                                        ; Library ;
+----------------------------------+-----------------+------------------------------+---------------------------------------------------------------------+---------+
; ../rtl/Password_box.v            ; yes             ; User Verilog HDL File        ; D:/tool/Quartus/project/Password_box/rtl/Password_box.v             ;         ;
; ../rtl/countdown.v               ; yes             ; User Verilog HDL File        ; D:/tool/Quartus/project/Password_box/rtl/countdown.v                ;         ;
; lpm_divide.tdf                   ; yes             ; Megafunction                 ; d:/tool/quartus/quartus/libraries/megafunctions/lpm_divide.tdf      ;         ;
; abs_divider.inc                  ; yes             ; Megafunction                 ; d:/tool/quartus/quartus/libraries/megafunctions/abs_divider.inc     ;         ;
; sign_div_unsign.inc              ; yes             ; Megafunction                 ; d:/tool/quartus/quartus/libraries/megafunctions/sign_div_unsign.inc ;         ;
; aglobal221.inc                   ; yes             ; Megafunction                 ; d:/tool/quartus/quartus/libraries/megafunctions/aglobal221.inc      ;         ;
; db/lpm_divide_9sl.tdf            ; yes             ; Auto-Generated Megafunction  ; D:/tool/Quartus/project/Password_box/prj/db/lpm_divide_9sl.tdf      ;         ;
; db/sign_div_unsign_bkh.tdf       ; yes             ; Auto-Generated Megafunction  ; D:/tool/Quartus/project/Password_box/prj/db/sign_div_unsign_bkh.tdf ;         ;
; db/alt_u_div_0fe.tdf             ; yes             ; Auto-Generated Megafunction  ; D:/tool/Quartus/project/Password_box/prj/db/alt_u_div_0fe.tdf       ;         ;
; db/add_sub_t3c.tdf               ; yes             ; Auto-Generated Megafunction  ; D:/tool/Quartus/project/Password_box/prj/db/add_sub_t3c.tdf         ;         ;
; db/add_sub_u3c.tdf               ; yes             ; Auto-Generated Megafunction  ; D:/tool/Quartus/project/Password_box/prj/db/add_sub_u3c.tdf         ;         ;
; db/lpm_divide_ckl.tdf            ; yes             ; Auto-Generated Megafunction  ; D:/tool/Quartus/project/Password_box/prj/db/lpm_divide_ckl.tdf      ;         ;
+----------------------------------+-----------------+------------------------------+---------------------------------------------------------------------+---------+


+-------------------------------------------------------------+
; Analysis & Synthesis Resource Usage Summary                 ;
+---------------------------------------------+---------------+
; Resource                                    ; Usage         ;
+---------------------------------------------+---------------+
; Estimated Total logic elements              ; 218           ;
;                                             ;               ;
; Total combinational functions               ; 212           ;
; Logic element usage by number of LUT inputs ;               ;
;     -- 4 input functions                    ; 56            ;
;     -- 3 input functions                    ; 43            ;
;     -- <=2 input functions                  ; 113           ;
;                                             ;               ;
; Logic elements by mode                      ;               ;
;     -- normal mode                          ; 143           ;
;     -- arithmetic mode                      ; 69            ;
;                                             ;               ;
; Total registers                             ; 81            ;
;     -- Dedicated logic registers            ; 81            ;
;     -- I/O registers                        ; 0             ;
;                                             ;               ;
; I/O pins                                    ; 39            ;
;                                             ;               ;
; Embedded Multiplier 9-bit elements          ; 0             ;
;                                             ;               ;
; Maximum fan-out node                        ; sys_clk~input ;
; Maximum fan-out                             ; 81            ;
; Total fan-out                               ; 921           ;
; Average fan-out                             ; 2.48          ;
+---------------------------------------------+---------------+


+----------------------------------------------------------------------------------------------------------------------------------------------------------------------------------------------------------------------------------------------------------------------------------------------------------------------------------------------------------------------------+
; Analysis & Synthesis Resource Utilization by Entity                                                                                                                                                                                                                                                                                                                        ;
+-------------------------------------------+---------------------+---------------------------+-------------+------------+--------------+---------+-----------+------+--------------+------------+--------------------------------------------------------------------------------------------------------------------------------------+---------------------+--------------+
; Compilation Hierarchy Node                ; Combinational ALUTs ; Dedicated Logic Registers ; Memory Bits ; UFM Blocks ; DSP Elements ; DSP 9x9 ; DSP 18x18 ; Pins ; Virtual Pins ; ADC blocks ; Full Hierarchy Name                                                                                                                  ; Entity Name         ; Library Name ;
+-------------------------------------------+---------------------+---------------------------+-------------+------------+--------------+---------+-----------+------+--------------+------------+--------------------------------------------------------------------------------------------------------------------------------------+---------------------+--------------+
; |Password_box                             ; 212 (46)            ; 81 (38)                   ; 0           ; 0          ; 0            ; 0       ; 0         ; 39   ; 0            ; 0          ; |Password_box                                                                                                                        ; Password_box        ; work         ;
;    |countdown:my_countdown|               ; 166 (56)            ; 43 (43)                   ; 0           ; 0          ; 0            ; 0       ; 0         ; 0    ; 0            ; 0          ; |Password_box|countdown:my_countdown                                                                                                 ; countdown           ; work         ;
;       |lpm_divide:Div0|                   ; 51 (0)              ; 0 (0)                     ; 0           ; 0          ; 0            ; 0       ; 0         ; 0    ; 0            ; 0          ; |Password_box|countdown:my_countdown|lpm_divide:Div0                                                                                 ; lpm_divide          ; work         ;
;          |lpm_divide_9sl:auto_generated|  ; 51 (0)              ; 0 (0)                     ; 0           ; 0          ; 0            ; 0       ; 0         ; 0    ; 0            ; 0          ; |Password_box|countdown:my_countdown|lpm_divide:Div0|lpm_divide_9sl:auto_generated                                                   ; lpm_divide_9sl      ; work         ;
;             |sign_div_unsign_bkh:divider| ; 51 (0)              ; 0 (0)                     ; 0           ; 0          ; 0            ; 0       ; 0         ; 0    ; 0            ; 0          ; |Password_box|countdown:my_countdown|lpm_divide:Div0|lpm_divide_9sl:auto_generated|sign_div_unsign_bkh:divider                       ; sign_div_unsign_bkh ; work         ;
;                |alt_u_div_0fe:divider|    ; 51 (51)             ; 0 (0)                     ; 0           ; 0          ; 0            ; 0       ; 0         ; 0    ; 0            ; 0          ; |Password_box|countdown:my_countdown|lpm_divide:Div0|lpm_divide_9sl:auto_generated|sign_div_unsign_bkh:divider|alt_u_div_0fe:divider ; alt_u_div_0fe       ; work         ;
;       |lpm_divide:Mod0|                   ; 59 (0)              ; 0 (0)                     ; 0           ; 0          ; 0            ; 0       ; 0         ; 0    ; 0            ; 0          ; |Password_box|countdown:my_countdown|lpm_divide:Mod0                                                                                 ; lpm_divide          ; work         ;
;          |lpm_divide_ckl:auto_generated|  ; 59 (0)              ; 0 (0)                     ; 0           ; 0          ; 0            ; 0       ; 0         ; 0    ; 0            ; 0          ; |Password_box|countdown:my_countdown|lpm_divide:Mod0|lpm_divide_ckl:auto_generated                                                   ; lpm_divide_ckl      ; work         ;
;             |sign_div_unsign_bkh:divider| ; 59 (0)              ; 0 (0)                     ; 0           ; 0          ; 0            ; 0       ; 0         ; 0    ; 0            ; 0          ; |Password_box|countdown:my_countdown|lpm_divide:Mod0|lpm_divide_ckl:auto_generated|sign_div_unsign_bkh:divider                       ; sign_div_unsign_bkh ; work         ;
;                |alt_u_div_0fe:divider|    ; 59 (59)             ; 0 (0)                     ; 0           ; 0          ; 0            ; 0       ; 0         ; 0    ; 0            ; 0          ; |Password_box|countdown:my_countdown|lpm_divide:Mod0|lpm_divide_ckl:auto_generated|sign_div_unsign_bkh:divider|alt_u_div_0fe:divider ; alt_u_div_0fe       ; work         ;
+-------------------------------------------+---------------------+---------------------------+-------------+------------+--------------+---------+-----------+------+--------------+------------+--------------------------------------------------------------------------------------------------------------------------------------+---------------------+--------------+
Note: For table entries with two numbers listed, the numbers in parentheses indicate the number of resources of the given type used by the specific entity alone. The numbers listed outside of parentheses indicate the total resources of the given type used by the specific entity and all of its sub-entities in the hierarchy.


Encoding Type:  One-Hot
+--------------------------------------------------------------------------+
; State Machine - |Password_box|state                                      ;
+----------------+------------+-------------+-------------+----------------+
; Name           ; state.LOCK ; state.WRONG ; state.RIGHT ; state.ORIGINAL ;
+----------------+------------+-------------+-------------+----------------+
; state.ORIGINAL ; 0          ; 0           ; 0           ; 0              ;
; state.RIGHT    ; 0          ; 0           ; 1           ; 1              ;
; state.WRONG    ; 0          ; 1           ; 0           ; 1              ;
; state.LOCK     ; 1          ; 0           ; 0           ; 1              ;
+----------------+------------+-------------+-------------+----------------+


+---------------------------------------------------------------------------------+
; Registers Removed During Synthesis                                              ;
+----------------------------------------+----------------------------------------+
; Register name                          ; Reason for Removal                     ;
+----------------------------------------+----------------------------------------+
; seg~0                                  ; Stuck at GND due to stuck port clock   ;
; seg~1                                  ; Stuck at GND due to stuck port clock   ;
; seg~2                                  ; Stuck at GND due to stuck port clock   ;
; seg~3                                  ; Stuck at GND due to stuck port clock   ;
; seg~4                                  ; Stuck at GND due to stuck port clock   ;
; seg~5                                  ; Stuck at GND due to stuck port clock   ;
; seg~6                                  ; Stuck at GND due to stuck port clock   ;
; seg~7                                  ; Stuck at GND due to stuck port clock   ;
; seg~8                                  ; Stuck at GND due to stuck port clock   ;
; seg~9                                  ; Stuck at GND due to stuck port clock   ;
; seg~10                                 ; Stuck at GND due to stuck port clock   ;
; seg~11                                 ; Stuck at GND due to stuck port clock   ;
; seg~12                                 ; Stuck at GND due to stuck port clock   ;
; seg~13                                 ; Stuck at GND due to stuck port clock   ;
; seg~14                                 ; Stuck at GND due to stuck port clock   ;
; seg~15                                 ; Stuck at GND due to stuck port clock   ;
; seg~16                                 ; Stuck at GND due to stuck port clock   ;
; seg~17                                 ; Stuck at GND due to stuck port clock   ;
; seg~18                                 ; Stuck at GND due to stuck port clock   ;
; seg~19                                 ; Stuck at GND due to stuck port clock   ;
; seg~20                                 ; Stuck at GND due to stuck port clock   ;
; seg~21                                 ; Stuck at GND due to stuck port clock   ;
; seg~22                                 ; Stuck at GND due to stuck port clock   ;
; seg~23                                 ; Stuck at GND due to stuck port clock   ;
; seg~24                                 ; Stuck at GND due to stuck port clock   ;
; seg~25                                 ; Stuck at GND due to stuck port clock   ;
; seg~26                                 ; Stuck at GND due to stuck port clock   ;
; seg~27                                 ; Stuck at GND due to stuck port clock   ;
; seg~28                                 ; Stuck at GND due to stuck port clock   ;
; seg~29                                 ; Stuck at GND due to stuck port clock   ;
; seg~30                                 ; Stuck at GND due to stuck port clock   ;
; seg~31                                 ; Stuck at GND due to stuck port clock   ;
; seg~32                                 ; Stuck at GND due to stuck port clock   ;
; seg~33                                 ; Stuck at GND due to stuck port clock   ;
; seg~34                                 ; Stuck at GND due to stuck port clock   ;
; seg~35                                 ; Stuck at GND due to stuck port clock   ;
; seg~36                                 ; Stuck at GND due to stuck port clock   ;
; seg~37                                 ; Stuck at GND due to stuck port clock   ;
; seg~38                                 ; Stuck at GND due to stuck port clock   ;
; seg~39                                 ; Stuck at GND due to stuck port clock   ;
; seg~40                                 ; Stuck at GND due to stuck port clock   ;
; seg~41                                 ; Stuck at GND due to stuck port clock   ;
; seg~42                                 ; Stuck at GND due to stuck port clock   ;
; seg~43                                 ; Stuck at GND due to stuck port clock   ;
; seg~44                                 ; Stuck at GND due to stuck port clock   ;
; seg~45                                 ; Stuck at GND due to stuck port clock   ;
; seg~46                                 ; Stuck at GND due to stuck port clock   ;
; seg~47                                 ; Stuck at GND due to stuck port clock   ;
; seg~48                                 ; Stuck at GND due to stuck port clock   ;
; seg~49                                 ; Stuck at GND due to stuck port clock   ;
; seg~50                                 ; Stuck at GND due to stuck port clock   ;
; seg~51                                 ; Stuck at GND due to stuck port clock   ;
; seg~52                                 ; Stuck at GND due to stuck port clock   ;
; seg~53                                 ; Stuck at GND due to stuck port clock   ;
; seg~54                                 ; Stuck at GND due to stuck port clock   ;
; seg~55                                 ; Stuck at GND due to stuck port clock   ;
; seg~56                                 ; Stuck at GND due to stuck port clock   ;
; seg~57                                 ; Stuck at GND due to stuck port clock   ;
; seg~58                                 ; Stuck at GND due to stuck port clock   ;
; seg~59                                 ; Stuck at GND due to stuck port clock   ;
; seg~60                                 ; Stuck at GND due to stuck port clock   ;
; seg~61                                 ; Stuck at GND due to stuck port clock   ;
; seg~62                                 ; Stuck at GND due to stuck port clock   ;
; seg~63                                 ; Stuck at GND due to stuck port clock   ;
; seg~64                                 ; Stuck at GND due to stuck port clock   ;
; seg~65                                 ; Stuck at GND due to stuck port clock   ;
; seg~66                                 ; Stuck at GND due to stuck port clock   ;
; seg~67                                 ; Stuck at GND due to stuck port clock   ;
; seg~68                                 ; Stuck at GND due to stuck port clock   ;
; seg~69                                 ; Stuck at GND due to stuck port clock   ;
; seg~70                                 ; Stuck at GND due to stuck port clock   ;
; seg~71                                 ; Stuck at GND due to stuck port clock   ;
; seg~72                                 ; Stuck at GND due to stuck port clock   ;
; seg~73                                 ; Stuck at GND due to stuck port clock   ;
; seg~74                                 ; Stuck at GND due to stuck port clock   ;
; seg~75                                 ; Stuck at GND due to stuck port clock   ;
; seg~76                                 ; Stuck at GND due to stuck port clock   ;
; seg~77                                 ; Stuck at GND due to stuck port clock   ;
; seg~78                                 ; Stuck at GND due to stuck port clock   ;
; seg~79                                 ; Stuck at GND due to stuck port clock   ;
; seg~80                                 ; Stuck at GND due to stuck port clock   ;
; seg~81                                 ; Stuck at GND due to stuck port clock   ;
; seg~82                                 ; Stuck at GND due to stuck port clock   ;
; seg~83                                 ; Stuck at GND due to stuck port clock   ;
; seg~84                                 ; Stuck at GND due to stuck port clock   ;
; seg~85                                 ; Stuck at GND due to stuck port clock   ;
; seg~86                                 ; Stuck at GND due to stuck port clock   ;
; seg~87                                 ; Stuck at GND due to stuck port clock   ;
; seg~88                                 ; Stuck at GND due to stuck port clock   ;
; seg~89                                 ; Stuck at GND due to stuck port clock   ;
; seg1[7]~reg0                           ; Stuck at GND due to stuck port data_in ;
; seg1[8]~reg0                           ; Stuck at GND due to stuck port data_in ;
; seg2[7]~reg0                           ; Stuck at GND due to stuck port data_in ;
; seg2[8]~reg0                           ; Stuck at GND due to stuck port data_in ;
; Total Number of Removed Registers = 94 ;                                        ;
+----------------------------------------+----------------------------------------+


+----------------------------------------------------------------------------------+
; Removed Registers Triggering Further Register Optimizations                      ;
+---------------+-------------------------+----------------------------------------+
; Register name ; Reason for Removal      ; Registers Removed due to This Register ;
+---------------+-------------------------+----------------------------------------+
; seg~7         ; Stuck at GND            ; seg2[7]~reg0                           ;
;               ; due to stuck port clock ;                                        ;
; seg~8         ; Stuck at GND            ; seg2[8]~reg0                           ;
;               ; due to stuck port clock ;                                        ;
+---------------+-------------------------+----------------------------------------+


+------------------------------------------------------+
; General Register Statistics                          ;
+----------------------------------------------+-------+
; Statistic                                    ; Value ;
+----------------------------------------------+-------+
; Total registers                              ; 81    ;
; Number of registers using Synchronous Clear  ; 25    ;
; Number of registers using Synchronous Load   ; 21    ;
; Number of registers using Asynchronous Clear ; 37    ;
; Number of registers using Asynchronous Load  ; 0     ;
; Number of registers using Clock Enable       ; 41    ;
; Number of registers using Preset             ; 0     ;
+----------------------------------------------+-------+


+---------------------------------------------------+
; Inverted Register Statistics                      ;
+-----------------------------------------+---------+
; Inverted Register                       ; Fan out ;
+-----------------------------------------+---------+
; led[0]~reg0                             ; 1       ;
; led[1]~reg0                             ; 1       ;
; led[2]~reg0                             ; 1       ;
; led[3]~reg0                             ; 1       ;
; led[4]~reg0                             ; 1       ;
; led[5]~reg0                             ; 1       ;
; led[6]~reg0                             ; 1       ;
; led[7]~reg0                             ; 1       ;
; tricolor_light1[0]~reg0                 ; 1       ;
; tricolor_light2[0]~reg0                 ; 1       ;
; Total number of inverted registers = 10 ;         ;
+-----------------------------------------+---------+


+-----------------------------------------------------------------------------------------------------------------------------------------------------------------------+
; Multiplexer Restructuring Statistics (Restructuring Performed)                                                                                                        ;
+--------------------+-----------+---------------+----------------------+------------------------+------------+---------------------------------------------------------+
; Multiplexer Inputs ; Bus Width ; Baseline Area ; Area if Restructured ; Saving if Restructured ; Registered ; Example Multiplexer Output                              ;
+--------------------+-----------+---------------+----------------------+------------------------+------------+---------------------------------------------------------+
; 3:1                ; 8 bits    ; 16 LEs        ; 8 LEs                ; 8 LEs                  ; Yes        ; |Password_box|countdown:my_countdown|countdown_times[5] ;
; 4:1                ; 13 bits   ; 26 LEs        ; 26 LEs               ; 0 LEs                  ; Yes        ; |Password_box|seg1[2]~reg0                              ;
; 5:1                ; 4 bits    ; 12 LEs        ; 4 LEs                ; 8 LEs                  ; Yes        ; |Password_box|number_of_wrong[0]                        ;
; 18:1               ; 8 bits    ; 96 LEs        ; 48 LEs               ; 48 LEs                 ; Yes        ; |Password_box|led[7]~reg0                               ;
+--------------------+-----------+---------------+----------------------+------------------------+------------+---------------------------------------------------------+


+------------------------------------------------------------------------------+
; Parameter Settings for User Entity Instance: Top-level Entity: |Password_box ;
+----------------+-------+-----------------------------------------------------+
; Parameter Name ; Value ; Type                                                ;
+----------------+-------+-----------------------------------------------------+
; ORIGINAL       ; 0001  ; Unsigned Binary                                     ;
; RIGHT          ; 0010  ; Unsigned Binary                                     ;
; WRONG          ; 0100  ; Unsigned Binary                                     ;
; LOCK           ; 1000  ; Unsigned Binary                                     ;
; RED            ; 011   ; Unsigned Binary                                     ;
; GREEN          ; 101   ; Unsigned Binary                                     ;
; YELLOW         ; 001   ; Unsigned Binary                                     ;
; BLUE           ; 110   ; Unsigned Binary                                     ;
; PASSWORD       ; 0100  ; Unsigned Binary                                     ;
+----------------+-------+-----------------------------------------------------+
Note: In order to hide this table in the UI and the text report file, please set the "Show Parameter Settings in Synthesis Report" option in "Analysis and Synthesis Settings -> More Settings" to "Off".


+---------------------------------------------------------------------+
; Parameter Settings for User Entity Instance: countdown:my_countdown ;
+----------------+---------------------------+------------------------+
; Parameter Name ; Value                     ; Type                   ;
+----------------+---------------------------+------------------------+
; CNT_MAX        ; 0101101110001101011111111 ; Unsigned Binary        ;
+----------------+---------------------------+------------------------+
Note: In order to hide this table in the UI and the text report file, please set the "Show Parameter Settings in Synthesis Report" option in "Analysis and Synthesis Settings -> More Settings" to "Off".


+-----------------------------------------------------------------------------------------+
; Parameter Settings for Inferred Entity Instance: countdown:my_countdown|lpm_divide:Div0 ;
+------------------------+----------------+-----------------------------------------------+
; Parameter Name         ; Value          ; Type                                          ;
+------------------------+----------------+-----------------------------------------------+
; LPM_WIDTHN             ; 8              ; Untyped                                       ;
; LPM_WIDTHD             ; 4              ; Untyped                                       ;
; LPM_NREPRESENTATION    ; UNSIGNED       ; Untyped                                       ;
; LPM_DREPRESENTATION    ; UNSIGNED       ; Untyped                                       ;
; LPM_PIPELINE           ; 0              ; Untyped                                       ;
; LPM_REMAINDERPOSITIVE  ; TRUE           ; Untyped                                       ;
; MAXIMIZE_SPEED         ; 5              ; Untyped                                       ;
; CBXI_PARAMETER         ; lpm_divide_9sl ; Untyped                                       ;
; CARRY_CHAIN            ; MANUAL         ; Untyped                                       ;
; OPTIMIZE_FOR_SPEED     ; 5              ; Untyped                                       ;
; AUTO_CARRY_CHAINS      ; ON             ; AUTO_CARRY                                    ;
; IGNORE_CARRY_BUFFERS   ; OFF            ; IGNORE_CARRY                                  ;
; AUTO_CASCADE_CHAINS    ; ON             ; AUTO_CASCADE                                  ;
; IGNORE_CASCADE_BUFFERS ; OFF            ; IGNORE_CASCADE                                ;
+------------------------+----------------+-----------------------------------------------+
Note: In order to hide this table in the UI and the text report file, please set the "Show Parameter Settings in Synthesis Report" option in "Analysis and Synthesis Settings -> More Settings" to "Off".


+-----------------------------------------------------------------------------------------+
; Parameter Settings for Inferred Entity Instance: countdown:my_countdown|lpm_divide:Mod0 ;
+------------------------+----------------+-----------------------------------------------+
; Parameter Name         ; Value          ; Type                                          ;
+------------------------+----------------+-----------------------------------------------+
; LPM_WIDTHN             ; 8              ; Untyped                                       ;
; LPM_WIDTHD             ; 4              ; Untyped                                       ;
; LPM_NREPRESENTATION    ; UNSIGNED       ; Untyped                                       ;
; LPM_DREPRESENTATION    ; UNSIGNED       ; Untyped                                       ;
; LPM_PIPELINE           ; 0              ; Untyped                                       ;
; LPM_REMAINDERPOSITIVE  ; TRUE           ; Untyped                                       ;
; MAXIMIZE_SPEED         ; 5              ; Untyped                                       ;
; CBXI_PARAMETER         ; lpm_divide_ckl ; Untyped                                       ;
; CARRY_CHAIN            ; MANUAL         ; Untyped                                       ;
; OPTIMIZE_FOR_SPEED     ; 5              ; Untyped                                       ;
; AUTO_CARRY_CHAINS      ; ON             ; AUTO_CARRY                                    ;
; IGNORE_CARRY_BUFFERS   ; OFF            ; IGNORE_CARRY                                  ;
; AUTO_CASCADE_CHAINS    ; ON             ; AUTO_CASCADE                                  ;
; IGNORE_CASCADE_BUFFERS ; OFF            ; IGNORE_CASCADE                                ;
+------------------------+----------------+-----------------------------------------------+
Note: In order to hide this table in the UI and the text report file, please set the "Show Parameter Settings in Synthesis Report" option in "Analysis and Synthesis Settings -> More Settings" to "Off".


+-----------------------------------------------------+
; Post-Synthesis Netlist Statistics for Top Partition ;
+-----------------------+-----------------------------+
; Type                  ; Count                       ;
+-----------------------+-----------------------------+
; boundary_port         ; 39                          ;
; cycloneiii_ff         ; 81                          ;
;     CLR               ; 12                          ;
;     ENA               ; 8                           ;
;     ENA CLR           ; 12                          ;
;     ENA CLR SLD       ; 13                          ;
;     ENA SLD           ; 8                           ;
;     SCLR              ; 25                          ;
;     plain             ; 3                           ;
; cycloneiii_lcell_comb ; 222                         ;
;     arith             ; 69                          ;
;         2 data inputs ; 37                          ;
;         3 data inputs ; 32                          ;
;     normal            ; 153                         ;
;         0 data inputs ; 11                          ;
;         1 data inputs ; 16                          ;
;         2 data inputs ; 59                          ;
;         3 data inputs ; 11                          ;
;         4 data inputs ; 56                          ;
;                       ;                             ;
; Max LUT depth         ; 11.90                       ;
; Average LUT depth     ; 5.81                        ;
+-----------------------+-----------------------------+


+-------------------------------+
; Elapsed Time Per Partition    ;
+----------------+--------------+
; Partition Name ; Elapsed Time ;
+----------------+--------------+
; Top            ; 00:00:00     ;
+----------------+--------------+


+-------------------------------+
; Analysis & Synthesis Messages ;
+-------------------------------+
Info: *******************************************************************
Info: Running Quartus Prime Analysis & Synthesis
    Info: Version 22.1std.1 Build 917 02/14/2023 SC Lite Edition
    Info: Processing started: Sat Oct  7 12:56:54 2023
Info: Command: quartus_map --read_settings_files=on --write_settings_files=off Password_box -c Password_box
Warning (18236): Number of processors has not been specified which may cause overloading on shared machines.  Set the global assignment NUM_PARALLEL_PROCESSORS in your QSF to an appropriate value for best performance.
Info (20030): Parallel compilation is enabled and will use 4 of the 4 processors detected
Info (12021): Found 1 design units, including 1 entities, in source file /tool/quartus/project/password_box/rtl/password_box.v
    Info (12023): Found entity 1: Password_box File: D:/tool/Quartus/project/Password_box/rtl/Password_box.v Line: 1
Info (12021): Found 1 design units, including 1 entities, in source file /tool/quartus/project/password_box/rtl/countdown.v
    Info (12023): Found entity 1: countdown File: D:/tool/Quartus/project/Password_box/rtl/countdown.v Line: 1
Info (12127): Elaborating entity "Password_box" for the top level hierarchy
Warning (10230): Verilog HDL assignment warning at Password_box.v(123): truncated value with size 32 to match size of target (4) File: D:/tool/Quartus/project/Password_box/rtl/Password_box.v Line: 123
Warning (10230): Verilog HDL assignment warning at Password_box.v(145): truncated value with size 32 to match size of target (4) File: D:/tool/Quartus/project/Password_box/rtl/Password_box.v Line: 145
Warning (10230): Verilog HDL assignment warning at Password_box.v(179): truncated value with size 32 to match size of target (4) File: D:/tool/Quartus/project/Password_box/rtl/Password_box.v Line: 179
Warning (10030): Net "seg.data_a" at Password_box.v(50) has no driver or initial value, using a default initial value '0' File: D:/tool/Quartus/project/Password_box/rtl/Password_box.v Line: 50
Warning (10030): Net "seg.waddr_a" at Password_box.v(50) has no driver or initial value, using a default initial value '0' File: D:/tool/Quartus/project/Password_box/rtl/Password_box.v Line: 50
Warning (10030): Net "seg.we_a" at Password_box.v(50) has no driver or initial value, using a default initial value '0' File: D:/tool/Quartus/project/Password_box/rtl/Password_box.v Line: 50
Info (12128): Elaborating entity "countdown" for hierarchy "countdown:my_countdown" File: D:/tool/Quartus/project/Password_box/rtl/Password_box.v Line: 206
Warning (10230): Verilog HDL assignment warning at countdown.v(39): truncated value with size 32 to match size of target (8) File: D:/tool/Quartus/project/Password_box/rtl/countdown.v Line: 39
Warning (10230): Verilog HDL assignment warning at countdown.v(48): truncated value with size 32 to match size of target (4) File: D:/tool/Quartus/project/Password_box/rtl/countdown.v Line: 48
Warning (10230): Verilog HDL assignment warning at countdown.v(49): truncated value with size 32 to match size of target (4) File: D:/tool/Quartus/project/Password_box/rtl/countdown.v Line: 49
Critical Warning (127005): Memory depth (16) in the design file differs from memory depth (10) in the Memory Initialization File "D:/tool/Quartus/project/Password_box/prj/db/Password_box.ram0_Password_box_587cce4c.hdl.mif" -- setting initial value for remaining addresses to 0
Info (276014): Found 1 instances of uninferred RAM logic
    Info (276013): RAM logic "seg" is uninferred because MIF is not supported for the selected family File: D:/tool/Quartus/project/Password_box/rtl/Password_box.v Line: 50
Info (278001): Inferred 2 megafunctions from design logic
    Info (278004): Inferred divider/modulo megafunction ("lpm_divide") from the following logic: "countdown:my_countdown|Div0" File: D:/tool/Quartus/project/Password_box/rtl/countdown.v Line: 49
    Info (278004): Inferred divider/modulo megafunction ("lpm_divide") from the following logic: "countdown:my_countdown|Mod0" File: D:/tool/Quartus/project/Password_box/rtl/countdown.v Line: 48
Info (12130): Elaborated megafunction instantiation "countdown:my_countdown|lpm_divide:Div0" File: D:/tool/Quartus/project/Password_box/rtl/countdown.v Line: 49
Info (12133): Instantiated megafunction "countdown:my_countdown|lpm_divide:Div0" with the following parameter: File: D:/tool/Quartus/project/Password_box/rtl/countdown.v Line: 49
    Info (12134): Parameter "LPM_WIDTHN" = "8"
    Info (12134): Parameter "LPM_WIDTHD" = "4"
    Info (12134): Parameter "LPM_NREPRESENTATION" = "UNSIGNED"
    Info (12134): Parameter "LPM_DREPRESENTATION" = "UNSIGNED"
Info (12021): Found 1 design units, including 1 entities, in source file db/lpm_divide_9sl.tdf
    Info (12023): Found entity 1: lpm_divide_9sl File: D:/tool/Quartus/project/Password_box/prj/db/lpm_divide_9sl.tdf Line: 25
Info (12021): Found 1 design units, including 1 entities, in source file db/sign_div_unsign_bkh.tdf
    Info (12023): Found entity 1: sign_div_unsign_bkh File: D:/tool/Quartus/project/Password_box/prj/db/sign_div_unsign_bkh.tdf Line: 25
Info (12021): Found 1 design units, including 1 entities, in source file db/alt_u_div_0fe.tdf
    Info (12023): Found entity 1: alt_u_div_0fe File: D:/tool/Quartus/project/Password_box/prj/db/alt_u_div_0fe.tdf Line: 27
Info (12021): Found 1 design units, including 1 entities, in source file db/add_sub_t3c.tdf
    Info (12023): Found entity 1: add_sub_t3c File: D:/tool/Quartus/project/Password_box/prj/db/add_sub_t3c.tdf Line: 23
Info (12021): Found 1 design units, including 1 entities, in source file db/add_sub_u3c.tdf
    Info (12023): Found entity 1: add_sub_u3c File: D:/tool/Quartus/project/Password_box/prj/db/add_sub_u3c.tdf Line: 23
Info (12130): Elaborated megafunction instantiation "countdown:my_countdown|lpm_divide:Mod0" File: D:/tool/Quartus/project/Password_box/rtl/countdown.v Line: 48
Info (12133): Instantiated megafunction "countdown:my_countdown|lpm_divide:Mod0" with the following parameter: File: D:/tool/Quartus/project/Password_box/rtl/countdown.v Line: 48
    Info (12134): Parameter "LPM_WIDTHN" = "8"
    Info (12134): Parameter "LPM_WIDTHD" = "4"
    Info (12134): Parameter "LPM_NREPRESENTATION" = "UNSIGNED"
    Info (12134): Parameter "LPM_DREPRESENTATION" = "UNSIGNED"
Info (12021): Found 1 design units, including 1 entities, in source file db/lpm_divide_ckl.tdf
    Info (12023): Found entity 1: lpm_divide_ckl File: D:/tool/Quartus/project/Password_box/prj/db/lpm_divide_ckl.tdf Line: 25
Info (13000): Registers with preset signals will power-up high File: D:/tool/Quartus/project/Password_box/rtl/Password_box.v Line: 110
Info (13003): DEV_CLRn pin will set, and not reset, register with preset signal due to NOT Gate Push-Back
Warning (13024): Output pins are stuck at VCC or GND
    Warning (13410): Pin "seg1[7]" is stuck at GND File: D:/tool/Quartus/project/Password_box/rtl/Password_box.v Line: 110
    Warning (13410): Pin "seg1[8]" is stuck at GND File: D:/tool/Quartus/project/Password_box/rtl/Password_box.v Line: 110
    Warning (13410): Pin "seg2[7]" is stuck at GND File: D:/tool/Quartus/project/Password_box/rtl/Password_box.v Line: 110
    Warning (13410): Pin "seg2[8]" is stuck at GND File: D:/tool/Quartus/project/Password_box/rtl/Password_box.v Line: 110
Info (286030): Timing-Driven Synthesis is running
Info (144001): Generated suppressed messages file D:/tool/Quartus/project/Password_box/prj/output_files/Password_box.map.smsg
Info (16010): Generating hard_block partition "hard_block:auto_generated_inst"
    Info (16011): Adding 0 node(s), including 0 DDIO, 0 PLL, 0 transceiver and 0 LCELL
Info (21057): Implemented 261 device resources after synthesis - the final resource count might be different
    Info (21058): Implemented 7 input pins
    Info (21059): Implemented 32 output pins
    Info (21061): Implemented 222 logic cells
Info: Quartus Prime Analysis & Synthesis was successful. 0 errors, 16 warnings
    Info: Peak virtual memory: 4778 megabytes
    Info: Processing ended: Sat Oct  7 12:57:02 2023
    Info: Elapsed time: 00:00:08
    Info: Total CPU time (on all processors): 00:00:07


+------------------------------------------+
; Analysis & Synthesis Suppressed Messages ;
+------------------------------------------+
The suppressed messages can be found in D:/tool/Quartus/project/Password_box/prj/output_files/Password_box.map.smsg.


